
> lms-liquid-glass@0.1.0 build
> next build

Γû▓ Next.js 16.1.1 (Turbopack)
- Environments: .env.local

node.exe : ΓÜá The "middleware" file convention is deprecated. 
Please use "proxy" instead. Learn more: 
https://nextjs.org/docs/messages/middleware-to-proxy
At line:1 char:1
+ & "C:\nvm4w\nodejs/node.exe" 
"C:\nvm4w\nodejs/node_modules/npm/bin/np ...
+ ~~~~~~~~~~~~~~~~~~~~~~~~~~~~~~~~~~~~~~~~~~~~~~~~~~~~~~~~~~~~~~~~~
~~~~
    + CategoryInfo          : NotSpecified: (ΓÜá The "middle...lew 
   are-to-proxy:String) [], RemoteException
    + FullyQualifiedErrorId : NativeCommandError
 
  Creating an optimized production build ...
Γ£ô Compiled successfully in 6.1s
  Running TypeScript ...
Failed to compile.

./src/app/my-courses/page.tsx:58:41
Type error: Argument of type 'string' is not assignable to 
parameter of type 'number'.

[0m [90m 56 |[39m       }
 [90m 57 |[39m
[31m[1m>[22m[39m[90m 58 |[39m       [36mconst[39m data 
[33m=[39m [36mawait[39m getUserCourses(userId[33m,[39m 
token)[33m;[39m
 [90m    |[39m                                         
[31m[1m^[22m[39m
 [90m 59 |[39m       setCourses(data [33m||[39m [])[33m;[39m
 [90m 60 |[39m     } [36mcatch[39m (error) {
 [90m 61 |[39m       console[33m.[39merror([32m'Failed to 
load courses:'[39m[33m,[39m error)[33m;[39m[0m
Next.js build worker exited with code: 1 and signal: null
